[{"date":"2019-04-29 14:25:52","content":"Vars &lt;pre&gt;Array\n(\n    [firstName] =&gt; 1\n    [lastName] =&gt; 2\n    [email] =&gt; 21\n    [dateOfBirth] =&gt; 23\n    [mobileNumber] =&gt; 20\n    [postCode] =&gt; 22\n    [address] =&gt; 24\n    [discountCode] =&gt; 31\n    [card_type] =&gt; 32\n    [card_holder_name] =&gt; 33\n    [card_number] =&gt; 34\n    [expiryDate] =&gt; 35\n)\n&lt;\/pre&gt;","type":null},{"date":"2019-04-29 14:25:52","content":"here","type":null},{"date":"2019-04-29 14:25:52","content":"here","type":null},{"date":"2019-04-29 14:25:52","content":"here","type":null},{"date":"2019-04-29 14:25:52","content":"here","type":null},{"date":"2019-04-29 14:25:52","content":"ddhere","type":null},{"date":"2019-04-29 14:25:52","content":"here","type":null},{"date":"2019-04-29 14:25:52","content":"here","type":null},{"date":"2019-04-29 14:25:53","content":"here","type":null},{"date":"2019-04-29 14:25:53","content":"here","type":null},{"date":"2019-04-29 14:25:53","content":"here","type":null},{"date":"2019-04-29 14:25:53","content":"here","type":null},{"date":"2019-04-29 14:25:53","content":"here","type":null},{"date":"2019-04-29 14:25:53","content":"here","type":null},{"date":"2019-04-29 14:25:53","content":"portal\/v1\/quote\/liability","type":null},{"date":"2019-04-29 14:25:53","content":"arr restruct","type":null},{"date":"2019-04-29 14:25:53","content":"{&quot;brand&quot;:&quot;Wiggle&quot;,&quot;coverCode&quot;:&quot;CYCLESAFE&quot;,&quot;policyStartDate&quot;:&quot;2019-04-29&quot;,&quot;insured&quot;:{&quot;email&quot;:&quot;test@twothreebird.com&quot;,&quot;gender&quot;:&quot;MALE&quot;,&quot;lastName&quot;:&quot;test&quot;,&quot;firstName&quot;:&quot;test&quot;,&quot;dateOfBirth&quot;:&quot;1985-10-01&quot;,&quot;mobileNumber&quot;:&quot;0823 333 200&quot;,&quot;contactMethod&quot;:&quot;EMAIL&quot;,&quot;isProfesionalRider&quot;:false,&quot;phoneNumber&quot;:&quot;0823 333 200&quot;,&quot;postCode&quot;:{&quot;state&quot;:&quot;&quot;,&quot;county&quot;:&quot;GL&quot;,&quot;country&quot;:&quot;UK&quot;,&quot;postcode&quot;:&quot;EC2M 7PD&quot;,&quot;poBox&quot;:false},&quot;mailingAddressSameAsHome&quot;:true},&quot;locationOfRisk&quot;:{&quot;postCode&quot;:{&quot;state&quot;:&quot;&quot;,&quot;county&quot;:&quot;GL&quot;,&quot;country&quot;:&quot;UK&quot;,&quot;postcode&quot;:&quot;EC2M 7PD&quot;,&quot;poBox&quot;:false}},&quot;subjects&quot;:[{&quot;insuredIsPolicyHolder&quot;:true,&quot;insuredPerson&quot;:{&quot;contactMethod&quot;:&quot;EMAIL&quot;,&quot;isProfesionalRider&quot;:false,&quot;phoneNumber&quot;:null,&quot;postCode&quot;:{&quot;state&quot;:&quot;&quot;,&quot;county&quot;:&quot;GL&quot;,&quot;country&quot;:&quot;UK&quot;,&quot;postcode&quot;:&quot;EC2M 7PD&quot;,&quot;poBox&quot;:false},&quot;country&quot;:&quot;GB&quot;,&quot;suburb&quot;:&quot;&quot;,&quot;address&quot;:&quot;50 Liverpool Street, London, UK&quot;}}],&quot;paymentFrequency&quot;:&quot;MONTHLY&quot;,&quot;selectedCoverOptions&quot;:[{&quot;coverOptCode&quot;:&quot;PublicLiability&quot;,&quot;limit&quot;:{&quot;value&quot;:2000,&quot;currency&quot;:&quot;GBP&quot;}},{&quot;coverOptCode&quot;:&quot;PersonalAccident&quot;,&quot;limit&quot;:{&quot;value&quot;:2000,&quot;currency&quot;:&quot;GBP&quot;}},{&quot;coverOptCode&quot;:&quot;EmergencyMedical&quot;},{&quot;coverOptCode&quot;:&quot;PrivateMedical&quot;},{&quot;coverOptCode&quot;:&quot;PrivatePhysio&quot;}],&quot;selectedPromotions&quot;:[],&quot;marketingSource&quot;:&quot;OTHER&quot;}","type":null},{"date":"2019-04-29 14:25:54","content":"&lt;pre&gt;Array\n(\n    [transactionId] =&gt; 5cc6edb5e4b0b1c5296958a4\n    [clientCallId] =&gt; 5cc6edb5e4b0b1c5296958a4\n    [type] =&gt; Client\n    [code] =&gt; com.gratex.bl.framework.exception.code.ApplicationExceptionCode.request_validation_failed\n    [message] =&gt; Request is invalid : message[Validation failed : error: object has missing required properties ([&quot;dateOfBirth&quot;])\n    level: &quot;error&quot;\n    schema: {&quot;loadingURI&quot;:&quot;#&quot;,&quot;pointer&quot;:&quot;\/properties\/subjects\/items\/properties\/insuredPerson&quot;}\n    instance: {&quot;pointer&quot;:&quot;\/subjects\/0\/insuredPerson&quot;}\n    domain: &quot;validation&quot;\n    keyword: &quot;properties&quot;\n    required: [&quot;dateOfBirth&quot;]\n    missing: [&quot;dateOfBirth&quot;]\n]\n    [method] =&gt; POST\n    [hints] =&gt; Array\n        (\n            [request] =&gt; {&quot;brand&quot;:&quot;Wiggle&quot;,&quot;coverCode&quot;:&quot;CYCLESAFE&quot;,&quot;policyStartDate&quot;:&quot;2019-04-29&quot;,&quot;insured&quot;:{&quot;email&quot;:&quot;test@twothreebird.com&quot;,&quot;gender&quot;:&quot;MALE&quot;,&quot;lastName&quot;:&quot;test&quot;,&quot;firstName&quot;:&quot;test&quot;,&quot;dateOfBirth&quot;:&quot;1985-10-01&quot;,&quot;mobileNumber&quot;:&quot;0823 333 200&quot;,&quot;contactMethod&quot;:&quot;EMAIL&quot;,&quot;isProfesionalRider&quot;:false,&quot;phoneNumber&quot;:&quot;0823 333 200&quot;,&quot;postCode&quot;:{&quot;state&quot;:&quot;&quot;,&quot;county&quot;:&quot;GL&quot;,&quot;country&quot;:&quot;UK&quot;,&quot;postcode&quot;:&quot;EC2M 7PD&quot;,&quot;poBox&quot;:false},&quot;mailingAddressSameAsHome&quot;:true},&quot;locationOfRisk&quot;:{&quot;postCode&quot;:{&quot;state&quot;:&quot;&quot;,&quot;county&quot;:&quot;GL&quot;,&quot;country&quot;:&quot;UK&quot;,&quot;postcode&quot;:&quot;EC2M 7PD&quot;,&quot;poBox&quot;:false}},&quot;subjects&quot;:[{&quot;insuredIsPolicyHolder&quot;:true,&quot;insuredPerson&quot;:{&quot;contactMethod&quot;:&quot;EMAIL&quot;,&quot;isProfesionalRider&quot;:false,&quot;phoneNumber&quot;:null,&quot;postCode&quot;:{&quot;state&quot;:&quot;&quot;,&quot;county&quot;:&quot;GL&quot;,&quot;country&quot;:&quot;UK&quot;,&quot;postcode&quot;:&quot;EC2M 7PD&quot;,&quot;poBox&quot;:false},&quot;country&quot;:&quot;GB&quot;,&quot;suburb&quot;:&quot;&quot;,&quot;address&quot;:&quot;50 Liverpool Street, London, UK&quot;}}],&quot;paymentFrequency&quot;:&quot;MONTHLY&quot;,&quot;selectedCoverOptions&quot;:[{&quot;coverOptCode&quot;:&quot;PublicLiability&quot;,&quot;limit&quot;:{&quot;value&quot;:2000,&quot;currency&quot;:&quot;GBP&quot;}},{&quot;coverOptCode&quot;:&quot;PersonalAccident&quot;,&quot;limit&quot;:{&quot;value&quot;:2000,&quot;currency&quot;:&quot;GBP&quot;}},{&quot;coverOptCode&quot;:&quot;EmergencyMedical&quot;},{&quot;coverOptCode&quot;:&quot;PrivateMedical&quot;},{&quot;coverOptCode&quot;:&quot;PrivatePhysio&quot;}],&quot;selectedPromotions&quot;:[],&quot;marketingSource&quot;:&quot;OTHER&quot;}\n        )\n\n    [debugInfo] =&gt; com.gratex.bl.framework.exception.ApplicationException{errorCode=com.gratex.bl.framework.exception.code.ApplicationExceptionCode.request_validation_failed, message=Request is invalid : message[Validation failed : error: object has missing required properties ([&quot;dateOfBirth&quot;])\n    level: &quot;error&quot;\n    schema: {&quot;loadingURI&quot;:&quot;#&quot;,&quot;pointer&quot;:&quot;\/properties\/subjects\/items\/properties\/insuredPerson&quot;}\n    instance: {&quot;pointer&quot;:&quot;\/subjects\/0\/insuredPerson&quot;}\n    domain: &quot;validation&quot;\n    keyword: &quot;properties&quot;\n    required: [&quot;dateOfBirth&quot;]\n    missing: [&quot;dateOfBirth&quot;]\n], parameters=[Validation failed : error: object has missing required properties ([&quot;dateOfBirth&quot;])\n    level: &quot;error&quot;\n    schema: {&quot;loadingURI&quot;:&quot;#&quot;,&quot;pointer&quot;:&quot;\/properties\/subjects\/items\/properties\/insuredPerson&quot;}\n    instance: {&quot;pointer&quot;:&quot;\/subjects\/0\/insuredPerson&quot;}\n    domain: &quot;validation&quot;\n    keyword: &quot;properties&quot;\n    required: [&quot;dateOfBirth&quot;]\n    missing: [&quot;dateOfBirth&quot;]\n], hints={request={&quot;brand&quot;:&quot;Wiggle&quot;,&quot;coverCode&quot;:&quot;CYCLESAFE&quot;,&quot;policyStartDate&quot;:&quot;2019-04-29&quot;,&quot;insured&quot;:{&quot;email&quot;:&quot;test@twothreebird.com&quot;,&quot;gender&quot;:&quot;MALE&quot;,&quot;lastName&quot;:&quot;test&quot;,&quot;firstName&quot;:&quot;test&quot;,&quot;dateOfBirth&quot;:&quot;1985-10-01&quot;,&quot;mobileNumber&quot;:&quot;0823 333 200&quot;,&quot;contactMethod&quot;:&quot;EMAIL&quot;,&quot;isProfesionalRider&quot;:false,&quot;phoneNumber&quot;:&quot;0823 333 200&quot;,&quot;postCode&quot;:{&quot;state&quot;:&quot;&quot;,&quot;county&quot;:&quot;GL&quot;,&quot;country&quot;:&quot;UK&quot;,&quot;postcode&quot;:&quot;EC2M 7PD&quot;,&quot;poBox&quot;:false},&quot;mailingAddressSameAsHome&quot;:true},&quot;locationOfRisk&quot;:{&quot;postCode&quot;:{&quot;state&quot;:&quot;&quot;,&quot;county&quot;:&quot;GL&quot;,&quot;country&quot;:&quot;UK&quot;,&quot;postcode&quot;:&quot;EC2M 7PD&quot;,&quot;poBox&quot;:false}},&quot;subjects&quot;:[{&quot;insuredIsPolicyHolder&quot;:true,&quot;insuredPerson&quot;:{&quot;contactMethod&quot;:&quot;EMAIL&quot;,&quot;isProfesionalRider&quot;:false,&quot;phoneNumber&quot;:null,&quot;postCode&quot;:{&quot;state&quot;:&quot;&quot;,&quot;county&quot;:&quot;GL&quot;,&quot;country&quot;:&quot;UK&quot;,&quot;postcode&quot;:&quot;EC2M 7PD&quot;,&quot;poBox&quot;:false},&quot;country&quot;:&quot;GB&quot;,&quot;suburb&quot;:&quot;&quot;,&quot;address&quot;:&quot;50 Liverpool Street, London, UK&quot;}}],&quot;paymentFrequency&quot;:&quot;MONTHLY&quot;,&quot;selectedCoverOptions&quot;:[{&quot;coverOptCode&quot;:&quot;PublicLiability&quot;,&quot;limit&quot;:{&quot;value&quot;:2000,&quot;currency&quot;:&quot;GBP&quot;}},{&quot;coverOptCode&quot;:&quot;PersonalAccident&quot;,&quot;limit&quot;:{&quot;value&quot;:2000,&quot;currency&quot;:&quot;GBP&quot;}},{&quot;coverOptCode&quot;:&quot;EmergencyMedical&quot;},{&quot;coverOptCode&quot;:&quot;PrivateMedical&quot;},{&quot;coverOptCode&quot;:&quot;PrivatePhysio&quot;}],&quot;selectedPromotions&quot;:[],&quot;marketingSource&quot;:&quot;OTHER&quot;}}}\n\tat com.gratex.bl.framework.components.jsonschema.JsonSchemaValidator.validate(JsonSchemaValidator.java:71)\n\tat com.gratex.bl.framework.components.jsonschema.BaseValidatorAcpect.checkInput(BaseValidatorAcpect.java:39)\n\tat com.gratex.bl.global.aspect.ValidateAspect.ajc$before$com_gratex_bl_global_aspect_ValidateAspect$1$40b7133a(ValidateAspect.aj:12)\n\tat com.gratex.bl.velosure.portal.application.controller.VSPortalQuotePolicyController.calculateVSPolicyLiability(VSPortalQuotePolicyController.java:44)\n\tat sun.reflect.GeneratedMethodAccessor264.invoke(Unknown Source)\n\tat sun.reflect.DelegatingMethodAccessorImpl.invoke(DelegatingMethodAccessorImpl.java:43)\n\tat java.lang.reflect.Method.invoke(Method.java:606)\n\tat org.springframework.web.method.support.InvocableHandlerMethod.doInvoke(InvocableHandlerMethod.java:221)\n\tat org.springframework.web.method.support.InvocableHandlerMethod.invokeForRequest(InvocableHandlerMethod.java:137)\n\tat org.springframework.web.servlet.mvc.method.annotation.ServletInvocableHandlerMethod.invokeAndHandle(ServletInvocableHandlerMethod.java:104)\n\tat org.springframework.web.servlet.mvc.method.annotation.RequestMappingHandlerAdapter.invokeHandleMethod(RequestMappingHandlerAdapter.java:749)\n\tat org.springframework.web.servlet.mvc.method.annotation.RequestMappingHandlerAdapter.handleInternal(RequestMappingHandlerAdapter.java:689)\n\tat org.springframework.web.servlet.mvc.method.AbstractHandlerMethodAdapter.handle(AbstractHandlerMethodAdapter.java:83)\n\tat org.springframework.web.servlet.DispatcherServlet.doDispatch(DispatcherServlet.java:938)\n\tat org.springframework.web.servlet.DispatcherServlet.doService(DispatcherServlet.java:870)\n\tat org.springframework.web.servlet.FrameworkServlet.processRequest(FrameworkServlet.java:961)\n\tat org.springframework.web.servlet.FrameworkServlet.doPost(FrameworkServlet.java:863)\n\tat javax.servlet.http.HttpServlet.service(HttpServlet.java:646)\n\tat org.springframework.web.servlet.FrameworkServlet.service(FrameworkServlet.java:837)\n\tat javax.servlet.http.HttpServlet.service(HttpServlet.java:727)\n\tat org.apache.catalina.core.ApplicationFilterChain.internalDoFilter(ApplicationFilterChain.java:303)\n\tat org.apache.catalina.core.ApplicationFilterChain.doFilter(ApplicationFilterChain.java:208)\n\tat com.gratex.rqlAntlr.mongo.spring.RqlServletFilter.doFilter(RqlServletFilter.java:62)\n\tat org.apache.catalina.core.ApplicationFilterChain.internalDoFilter(ApplicationFilterChain.java:241)\n\tat org.apache.catalina.core.ApplicationFilterChain.doFilter(ApplicationFilterChain.java:208)\n\tat com.gratex.bl.executionScope.ExecutionScopeFilter.doFilterInternal(ExecutionScopeFilter.java:18)\n\tat org.springframework.web.filter.OncePerRequestFilter.doFilter(OncePerRequestFilter.java:107)\n\tat org.apache.catalina.core.ApplicationFilterChain.internalDoFilter(ApplicationFilterChain.java:241)\n\tat org.apache.catalina.core.ApplicationFilterChain.doFilter(ApplicationFilterChain.java:208)\n\tat org.springframework.web.filter.CharacterEncodingFilter.doFilterInternal(CharacterEncodingFilter.java:88)\n\tat org.springframework.web.filter.OncePerRequestFilter.doFilter(OncePerRequestFilter.java:107)\n\tat org.apache.catalina.core.ApplicationFilterChain.internalDoFilter(ApplicationFilterChain.java:241)\n\tat org.apache.catalina.core.ApplicationFilterChain.doFilter(ApplicationFilterChain.java:208)\n\tat org.apache.tomcat.websocket.server.WsFilter.doFilter(WsFilter.java:52)\n\tat org.apache.catalina.core.ApplicationFilterChain.internalDoFilter(ApplicationFilterChain.java:241)\n\tat org.apache.catalina.core.ApplicationFilterChain.doFilter(ApplicationFilterChain.java:208)\n\tat org.springframework.security.web.FilterChainProxy$VirtualFilterChain.doFilter(FilterChainProxy.java:316)\n\tat org.springframework.security.web.access.intercept.FilterSecurityInterceptor.invoke(FilterSecurityInterceptor.java:126)\n\tat org.springframework.security.web.access.intercept.FilterSecurityInterceptor.doFilter(FilterSecurityInterceptor.java:90)\n\tat org.springframework.security.web.FilterChainProxy$VirtualFilterChain.doFilter(FilterChainProxy.java:330)\n\tat org.springframework.security.web.access.ExceptionTranslationFilter.doFilter(ExceptionTranslationFilter.java:114)\n\tat org.springframework.security.web.FilterChainProxy$VirtualFilterChain.doFilter(FilterChainProxy.java:330)\n\tat org.springframework.web.filter.CompositeFilter$VirtualFilterChain.doFilter(CompositeFilter.java:107)\n\tat org.springframework.security.web.authentication.www.BasicAuthenticationFilter.doFilterInternal(BasicAuthenticationFilter.java:213)\n\tat org.springframework.web.filter.OncePerRequestFilter.doFilter(OncePerRequestFilter.java:107)\n\tat org.springframework.web.filter.CompositeFilter$VirtualFilterChain.doFilter(CompositeFilter.java:112)\n\tat org.springframework.security.web.authentication.AbstractAuthenticationProcessingFilter.doFilter(AbstractAuthenticationProcessingFilter.java:205)\n\tat com.gratex.denovius.security.authentication.ExtendedUsernamePasswordAuthenticationFilter.doFilter(ExtendedUsernamePasswordAuthenticationFilter.java:60)\n\tat org.springframework.web.filter.CompositeFilter$VirtualFilterChain.doFilter(CompositeFilter.java:112)\n\tat org.springframework.web.filter.CompositeFilter.doFilter(CompositeFilter.java:73)\n\tat org.springframework.security.web.FilterChainProxy$VirtualFilterChain.doFilter(FilterChainProxy.java:330)\n\tat org.springframework.security.web.servletapi.SecurityContextHolderAwareRequestFilter.doFilter(SecurityContextHolderAwareRequestFilter.java:169)\n\tat org.springframework.security.web.FilterChainProxy$VirtualFilterChain.doFilter(FilterChainProxy.java:330)\n\tat org.springframework.security.web.context.SecurityContextPersistenceFilter.doFilter(SecurityContextPersistenceFilter.java:91)\n\tat com.gratex.denovius.security.SecurityComponentsConfig$1.doFilter(SecurityComponentsConfig.java:516)\n\tat org.springframework.security.web.FilterChainProxy$VirtualFilterChain.doFilter(FilterChainProxy.java:330)\n\tat com.gratex.bl.framework.exception.FrameworkExceptionTranslationFilter.doFilterInternal(FrameworkExceptionTranslationFilter.java:31)\n\tat org.springframework.web.filter.OncePerRequestFilter.doFilter(OncePerRequestFilter.java:107)\n\tat org.springframework.security.web.FilterChainProxy$VirtualFilterChain.doFilter(FilterChainProxy.java:330)\n\tat com.gratex.bl.framework.log.LoggingFilter.doFilterInternal(LoggingFilter.java:57)\n\tat com.gratex.bl.framework.log.ExtendedLoggingFilter.doFilterInternal(ExtendedLoggingFilter.java:31)\n\tat org.springframework.web.filter.OncePerRequestFilter.doFilter(OncePerRequestFilter.java:107)\n\tat org.springframework.security.web.FilterChainProxy$VirtualFilterChain.doFilter(FilterChainProxy.java:330)\n\tat org.springframework.security.web.FilterChainProxy.doFilterInternal(FilterChainProxy.java:213)\n\tat org.springframework.security.web.FilterChainProxy.doFilter(FilterChainProxy.java:176)\n\tat org.springframework.web.filter.DelegatingFilterProxy.invokeDelegate(DelegatingFilterProxy.java:344)\n\tat org.springframework.web.filter.DelegatingFilterProxy.doFilter(DelegatingFilterProxy.java:261)\n\tat org.apache.catalina.core.ApplicationFilterChain.internalDoFilter(ApplicationFilterChain.java:241)\n\tat org.apache.catalina.core.ApplicationFilterChain.doFilter(ApplicationFilterChain.java:208)\n\tat org.apache.catalina.core.StandardWrapperValve.invoke(StandardWrapperValve.java:220)\n\tat org.apache.catalina.core.StandardContextValve.invoke(StandardContextValve.java:122)\n\tat org.apache.catalina.authenticator.AuthenticatorBase.invoke(AuthenticatorBase.java:501)\n\tat org.apache.catalina.core.StandardHostValve.invoke(StandardHostValve.java:170)\n\tat org.apache.catalina.valves.ErrorReportValve.invoke(ErrorReportValve.java:98)\n\tat org.apache.catalina.valves.AccessLogValve.invoke(AccessLogValve.java:950)\n\tat org.apache.catalina.core.StandardEngineValve.invoke(StandardEngineValve.java:116)\n\tat org.apache.catalina.connector.CoyoteAdapter.service(CoyoteAdapter.java:408)\n\tat org.apache.coyote.ajp.AjpProcessor.process(AjpProcessor.java:193)\n\tat org.apache.coyote.AbstractProtocol$AbstractConnectionHandler.process(AbstractProtocol.java:607)\n\tat org.apache.tomcat.util.net.JIoEndpoint$SocketProcessor.run(JIoEndpoint.java:313)\n\tat java.util.concurrent.ThreadPoolExecutor.runWorker(ThreadPoolExecutor.java:1152)\n\tat java.util.concurrent.ThreadPoolExecutor$Worker.run(ThreadPoolExecutor.java:622)\n\tat java.lang.Thread.run(Thread.java:748)\nCaused by: com.gratex.bl.framework.exception.InfrastructureException{errorCode=com.gratex.bl.framework.exception.code.InfrastructureExceptionCode.validation_exception, message=Validation failed : error: object has missing required properties ([&quot;dateOfBirth&quot;])\n    level: &quot;error&quot;\n    schema: {&quot;loadingURI&quot;:&quot;#&quot;,&quot;pointer&quot;:&quot;\/properties\/subjects\/items\/properties\/insuredPerson&quot;}\n    instance: {&quot;pointer&quot;:&quot;\/subjects\/0\/insuredPerson&quot;}\n    domain: &quot;validation&quot;\n    keyword: &quot;properties&quot;\n    required: [&quot;dateOfBirth&quot;]\n    missing: [&quot;dateOfBirth&quot;]\n, parameters=[error: object has missing required properties ([&quot;dateOfBirth&quot;])\n    level: &quot;error&quot;\n    schema: {&quot;loadingURI&quot;:&quot;#&quot;,&quot;pointer&quot;:&quot;\/properties\/subjects\/items\/properties\/insuredPerson&quot;}\n    instance: {&quot;pointer&quot;:&quot;\/subjects\/0\/insuredPerson&quot;}\n    domain: &quot;validation&quot;\n    keyword: &quot;properties&quot;\n    required: [&quot;dateOfBirth&quot;]\n    missing: [&quot;dateOfBirth&quot;]\n], hints=null}\n\tat com.gratex.bl.framework.components.jsonschema.JsonSchemaValidator.validate(JsonSchemaValidator.java:101)\n\tat com.gratex.bl.framework.components.jsonschema.JsonSchemaValidator.validate(JsonSchemaValidator.java:67)\n\t... 82 more\n\n    [hostname] =&gt; eu-prod-upm1\n    [port] =&gt; 443\n    [url] =&gt; https:\/\/195.98.136.40\/velosureuk\/svc\/portal\/v1\/quote\/liability\n    [requestBody] =&gt; {&quot;brand&quot;:&quot;Wiggle&quot;,&quot;coverCode&quot;:&quot;CYCLESAFE&quot;,&quot;policyStartDate&quot;:&quot;2019-04-29&quot;,&quot;insured&quot;:{&quot;email&quot;:&quot;test@twothreebird.com&quot;,&quot;gender&quot;:&quot;MALE&quot;,&quot;lastName&quot;:&quot;test&quot;,&quot;firstName&quot;:&quot;test&quot;,&quot;dateOfBirth&quot;:&quot;1985-10-01&quot;,&quot;mobileNumber&quot;:&quot;0823 333 200&quot;,&quot;contactMethod&quot;:&quot;EMAIL&quot;,&quot;isProfesionalRider&quot;:false,&quot;phoneNumber&quot;:&quot;0823 333 200&quot;,&quot;postCode&quot;:{&quot;state&quot;:&quot;&quot;,&quot;county&quot;:&quot;GL&quot;,&quot;country&quot;:&quot;UK&quot;,&quot;postcode&quot;:&quot;EC2M 7PD&quot;,&quot;poBox&quot;:false},&quot;mailingAddressSameAsHome&quot;:true},&quot;locationOfRisk&quot;:{&quot;postCode&quot;:{&quot;state&quot;:&quot;&quot;,&quot;county&quot;:&quot;GL&quot;,&quot;country&quot;:&quot;UK&quot;,&quot;postcode&quot;:&quot;EC2M 7PD&quot;,&quot;poBox&quot;:false}},&quot;subjects&quot;:[{&quot;insuredIsPolicyHolder&quot;:true,&quot;insuredPerson&quot;:{&quot;contactMethod&quot;:&quot;EMAIL&quot;,&quot;isProfesionalRider&quot;:false,&quot;phoneNumber&quot;:null,&quot;postCode&quot;:{&quot;state&quot;:&quot;&quot;,&quot;county&quot;:&quot;GL&quot;,&quot;country&quot;:&quot;UK&quot;,&quot;postcode&quot;:&quot;EC2M 7PD&quot;,&quot;poBox&quot;:false},&quot;country&quot;:&quot;GB&quot;,&quot;suburb&quot;:&quot;&quot;,&quot;address&quot;:&quot;50 Liverpool Street, London, UK&quot;}}],&quot;paymentFrequency&quot;:&quot;MONTHLY&quot;,&quot;selectedCoverOptions&quot;:[{&quot;coverOptCode&quot;:&quot;PublicLiability&quot;,&quot;limit&quot;:{&quot;value&quot;:2000,&quot;currency&quot;:&quot;GBP&quot;}},{&quot;coverOptCode&quot;:&quot;PersonalAccident&quot;,&quot;limit&quot;:{&quot;value&quot;:2000,&quot;currency&quot;:&quot;GBP&quot;}},{&quot;coverOptCode&quot;:&quot;EmergencyMedical&quot;},{&quot;coverOptCode&quot;:&quot;PrivateMedical&quot;},{&quot;coverOptCode&quot;:&quot;PrivatePhysio&quot;}],&quot;selectedPromotions&quot;:[],&quot;marketingSource&quot;:&quot;OTHER&quot;}\n    [cause] =&gt; Array\n        (\n            [0] =&gt; Array\n                (\n                    [transactionId] =&gt; 5cc6edb5e4b0b1c5296958a4\n                    [clientCallId] =&gt; 5cc6edb5e4b0b1c5296958a4\n                    [type] =&gt; Server\n                    [code] =&gt; com.gratex.bl.framework.exception.code.InfrastructureExceptionCode.validation_exception\n                    [message] =&gt; Validation failed : error: object has missing required properties ([&quot;dateOfBirth&quot;])\n    level: &quot;error&quot;\n    schema: {&quot;loadingURI&quot;:&quot;#&quot;,&quot;pointer&quot;:&quot;\/properties\/subjects\/items\/properties\/insuredPerson&quot;}\n    instance: {&quot;pointer&quot;:&quot;\/subjects\/0\/insuredPerson&quot;}\n    domain: &quot;validation&quot;\n    keyword: &quot;properties&quot;\n    required: [&quot;dateOfBirth&quot;]\n    missing: [&quot;dateOfBirth&quot;]\n\n                    [method] =&gt; POST\n                    [debugInfo] =&gt; com.gratex.bl.framework.exception.InfrastructureException{errorCode=com.gratex.bl.framework.exception.code.InfrastructureExceptionCode.validation_exception, message=Validation failed : error: object has missing required properties ([&quot;dateOfBirth&quot;])\n    level: &quot;error&quot;\n    schema: {&quot;loadingURI&quot;:&quot;#&quot;,&quot;pointer&quot;:&quot;\/properties\/subjects\/items\/properties\/insuredPerson&quot;}\n    instance: {&quot;pointer&quot;:&quot;\/subjects\/0\/insuredPerson&quot;}\n    domain: &quot;validation&quot;\n    keyword: &quot;properties&quot;\n    required: [&quot;dateOfBirth&quot;]\n    missing: [&quot;dateOfBirth&quot;]\n, parameters=[error: object has missing required properties ([&quot;dateOfBirth&quot;])\n    level: &quot;error&quot;\n    schema: {&quot;loadingURI&quot;:&quot;#&quot;,&quot;pointer&quot;:&quot;\/properties\/subjects\/items\/properties\/insuredPerson&quot;}\n    instance: {&quot;pointer&quot;:&quot;\/subjects\/0\/insuredPerson&quot;}\n    domain: &quot;validation&quot;\n    keyword: &quot;properties&quot;\n    required: [&quot;dateOfBirth&quot;]\n    missing: [&quot;dateOfBirth&quot;]\n], hints=null}\n\tat com.gratex.bl.framework.components.jsonschema.JsonSchemaValidator.validate(JsonSchemaValidator.java:101)\n\tat com.gratex.bl.framework.components.jsonschema.JsonSchemaValidator.validate(JsonSchemaValidator.java:67)\n\tat com.gratex.bl.framework.components.jsonschema.BaseValidatorAcpect.checkInput(BaseValidatorAcpect.java:39)\n\tat com.gratex.bl.global.aspect.ValidateAspect.ajc$before$com_gratex_bl_global_aspect_ValidateAspect$1$40b7133a(ValidateAspect.aj:12)\n\tat com.gratex.bl.velosure.portal.application.controller.VSPortalQuotePolicyController.calculateVSPolicyLiability(VSPortalQuotePolicyController.java:44)\n\tat sun.reflect.GeneratedMethodAccessor264.invoke(Unknown Source)\n\tat sun.reflect.DelegatingMethodAccessorImpl.invoke(DelegatingMethodAccessorImpl.java:43)\n\tat java.lang.reflect.Method.invoke(Method.java:606)\n\tat org.springframework.web.method.support.InvocableHandlerMethod.doInvoke(InvocableHandlerMethod.java:221)\n\tat org.springframework.web.method.support.InvocableHandlerMethod.invokeForRequest(InvocableHandlerMethod.java:137)\n\tat org.springframework.web.servlet.mvc.method.annotation.ServletInvocableHandlerMethod.invokeAndHandle(ServletInvocableHandlerMethod.java:104)\n\tat org.springframework.web.servlet.mvc.method.annotation.RequestMappingHandlerAdapter.invokeHandleMethod(RequestMappingHandlerAdapter.java:749)\n\tat org.springframework.web.servlet.mvc.method.annotation.RequestMappingHandlerAdapter.handleInternal(RequestMappingHandlerAdapter.java:689)\n\tat org.springframework.web.servlet.mvc.method.AbstractHandlerMethodAdapter.handle(AbstractHandlerMethodAdapter.java:83)\n\tat org.springframework.web.servlet.DispatcherServlet.doDispatch(DispatcherServlet.java:938)\n\tat org.springframework.web.servlet.DispatcherServlet.doService(DispatcherServlet.java:870)\n\tat org.springframework.web.servlet.FrameworkServlet.processRequest(FrameworkServlet.java:961)\n\tat org.springframework.web.servlet.FrameworkServlet.doPost(FrameworkServlet.java:863)\n\tat javax.servlet.http.HttpServlet.service(HttpServlet.java:646)\n\tat org.springframework.web.servlet.FrameworkServlet.service(FrameworkServlet.java:837)\n\tat javax.servlet.http.HttpServlet.service(HttpServlet.java:727)\n\tat org.apache.catalina.core.ApplicationFilterChain.internalDoFilter(ApplicationFilterChain.java:303)\n\tat org.apache.catalina.core.ApplicationFilterChain.doFilter(ApplicationFilterChain.java:208)\n\tat com.gratex.rqlAntlr.mongo.spring.RqlServletFilter.doFilter(RqlServletFilter.java:62)\n\tat org.apache.catalina.core.ApplicationFilterChain.internalDoFilter(ApplicationFilterChain.java:241)\n\tat org.apache.catalina.core.ApplicationFilterChain.doFilter(ApplicationFilterChain.java:208)\n\tat com.gratex.bl.executionScope.ExecutionScopeFilter.doFilterInternal(ExecutionScopeFilter.java:18)\n\tat org.springframework.web.filter.OncePerRequestFilter.doFilter(OncePerRequestFilter.java:107)\n\tat org.apache.catalina.core.ApplicationFilterChain.internalDoFilter(ApplicationFilterChain.java:241)\n\tat org.apache.catalina.core.ApplicationFilterChain.doFilter(ApplicationFilterChain.java:208)\n\tat org.springframework.web.filter.CharacterEncodingFilter.doFilterInternal(CharacterEncodingFilter.java:88)\n\tat org.springframework.web.filter.OncePerRequestFilter.doFilter(OncePerRequestFilter.java:107)\n\tat org.apache.catalina.core.ApplicationFilterChain.internalDoFilter(ApplicationFilterChain.java:241)\n\tat org.apache.catalina.core.ApplicationFilterChain.doFilter(ApplicationFilterChain.java:208)\n\tat org.apache.tomcat.websocket.server.WsFilter.doFilter(WsFilter.java:52)\n\tat org.apache.catalina.core.ApplicationFilterChain.internalDoFilter(ApplicationFilterChain.java:241)\n\tat org.apache.catalina.core.ApplicationFilterChain.doFilter(ApplicationFilterChain.java:208)\n\tat org.springframework.security.web.FilterChainProxy$VirtualFilterChain.doFilter(FilterChainProxy.java:316)\n\tat org.springframework.security.web.access.intercept.FilterSecurityInterceptor.invoke(FilterSecurityInterceptor.java:126)\n\tat org.springframework.security.web.access.intercept.FilterSecurityInterceptor.doFilter(FilterSecurityInterceptor.java:90)\n\tat org.springframework.security.web.FilterChainProxy$VirtualFilterChain.doFilter(FilterChainProxy.java:330)\n\tat org.springframework.security.web.access.ExceptionTranslationFilter.doFilter(ExceptionTranslationFilter.java:114)\n\tat org.springframework.security.web.FilterChainProxy$VirtualFilterChain.doFilter(FilterChainProxy.java:330)\n\tat org.springframework.web.filter.CompositeFilter$VirtualFilterChain.doFilter(CompositeFilter.java:107)\n\tat org.springframework.security.web.authentication.www.BasicAuthenticationFilter.doFilterInternal(BasicAuthenticationFilter.java:213)\n\tat org.springframework.web.filter.OncePerRequestFilter.doFilter(OncePerRequestFilter.java:107)\n\tat org.springframework.web.filter.CompositeFilter$VirtualFilterChain.doFilter(CompositeFilter.java:112)\n\tat org.springframework.security.web.authentication.AbstractAuthenticationProcessingFilter.doFilter(AbstractAuthenticationProcessingFilter.java:205)\n\tat com.gratex.denovius.security.authentication.ExtendedUsernamePasswordAuthenticationFilter.doFilter(ExtendedUsernamePasswordAuthenticationFilter.java:60)\n\tat org.springframework.web.filter.CompositeFilter$VirtualFilterChain.doFilter(CompositeFilter.java:112)\n\tat org.springframework.web.filter.CompositeFilter.doFilter(CompositeFilter.java:73)\n\tat org.springframework.security.web.FilterChainProxy$VirtualFilterChain.doFilter(FilterChainProxy.java:330)\n\tat org.springframework.security.web.servletapi.SecurityContextHolderAwareRequestFilter.doFilter(SecurityContextHolderAwareRequestFilter.java:169)\n\tat org.springframework.security.web.FilterChainProxy$VirtualFilterChain.doFilter(FilterChainProxy.java:330)\n\tat org.springframework.security.web.context.SecurityContextPersistenceFilter.doFilter(SecurityContextPersistenceFilter.java:91)\n\tat com.gratex.denovius.security.SecurityComponentsConfig$1.doFilter(SecurityComponentsConfig.java:516)\n\tat org.springframework.security.web.FilterChainProxy$VirtualFilterChain.doFilter(FilterChainProxy.java:330)\n\tat com.gratex.bl.framework.exception.FrameworkExceptionTranslationFilter.doFilterInternal(FrameworkExceptionTranslationFilter.java:31)\n\tat org.springframework.web.filter.OncePerRequestFilter.doFilter(OncePerRequestFilter.java:107)\n\tat org.springframework.security.web.FilterChainProxy$VirtualFilterChain.doFilter(FilterChainProxy.java:330)\n\tat com.gratex.bl.framework.log.LoggingFilter.doFilterInternal(LoggingFilter.java:57)\n\tat com.gratex.bl.framework.log.ExtendedLoggingFilter.doFilterInternal(ExtendedLoggingFilter.java:31)\n\tat org.springframework.web.filter.OncePerRequestFilter.doFilter(OncePerRequestFilter.java:107)\n\tat org.springframework.security.web.FilterChainProxy$VirtualFilterChain.doFilter(FilterChainProxy.java:330)\n\tat org.springframework.security.web.FilterChainProxy.doFilterInternal(FilterChainProxy.java:213)\n\tat org.springframework.security.web.FilterChainProxy.doFilter(FilterChainProxy.java:176)\n\tat org.springframework.web.filter.DelegatingFilterProxy.invokeDelegate(DelegatingFilterProxy.java:344)\n\tat org.springframework.web.filter.DelegatingFilterProxy.doFilter(DelegatingFilterProxy.java:261)\n\tat org.apache.catalina.core.ApplicationFilterChain.internalDoFilter(ApplicationFilterChain.java:241)\n\tat org.apache.catalina.core.ApplicationFilterChain.doFilter(ApplicationFilterChain.java:208)\n\tat org.apache.catalina.core.StandardWrapperValve.invoke(StandardWrapperValve.java:220)\n\tat org.apache.catalina.core.StandardContextValve.invoke(StandardContextValve.java:122)\n\tat org.apache.catalina.authenticator.AuthenticatorBase.invoke(AuthenticatorBase.java:501)\n\tat org.apache.catalina.core.StandardHostValve.invoke(StandardHostValve.java:170)\n\tat org.apache.catalina.valves.ErrorReportValve.invoke(ErrorReportValve.java:98)\n\tat org.apache.catalina.valves.AccessLogValve.invoke(AccessLogValve.java:950)\n\tat org.apache.catalina.core.StandardEngineValve.invoke(StandardEngineValve.java:116)\n\tat org.apache.catalina.connector.CoyoteAdapter.service(CoyoteAdapter.java:408)\n\tat org.apache.coyote.ajp.AjpProcessor.process(AjpProcessor.java:193)\n\tat org.apache.coyote.AbstractProtocol$AbstractConnectionHandler.process(AbstractProtocol.java:607)\n\tat org.apache.tomcat.util.net.JIoEndpoint$SocketProcessor.run(JIoEndpoint.java:313)\n\tat java.util.concurrent.ThreadPoolExecutor.runWorker(ThreadPoolExecutor.java:1152)\n\tat java.util.concurrent.ThreadPoolExecutor$Worker.run(ThreadPoolExecutor.java:622)\n\tat java.lang.Thread.run(Thread.java:748)\n\n                    [hostname] =&gt; eu-prod-upm1\n                    [port] =&gt; 443\n                    [url] =&gt; https:\/\/195.98.136.40\/velosureuk\/svc\/portal\/v1\/quote\/liability\n                    [requestBody] =&gt; {&quot;brand&quot;:&quot;Wiggle&quot;,&quot;coverCode&quot;:&quot;CYCLESAFE&quot;,&quot;policyStartDate&quot;:&quot;2019-04-29&quot;,&quot;insured&quot;:{&quot;email&quot;:&quot;test@twothreebird.com&quot;,&quot;gender&quot;:&quot;MALE&quot;,&quot;lastName&quot;:&quot;test&quot;,&quot;firstName&quot;:&quot;test&quot;,&quot;dateOfBirth&quot;:&quot;1985-10-01&quot;,&quot;mobileNumber&quot;:&quot;0823 333 200&quot;,&quot;contactMethod&quot;:&quot;EMAIL&quot;,&quot;isProfesionalRider&quot;:false,&quot;phoneNumber&quot;:&quot;0823 333 200&quot;,&quot;postCode&quot;:{&quot;state&quot;:&quot;&quot;,&quot;county&quot;:&quot;GL&quot;,&quot;country&quot;:&quot;UK&quot;,&quot;postcode&quot;:&quot;EC2M 7PD&quot;,&quot;poBox&quot;:false},&quot;mailingAddressSameAsHome&quot;:true},&quot;locationOfRisk&quot;:{&quot;postCode&quot;:{&quot;state&quot;:&quot;&quot;,&quot;county&quot;:&quot;GL&quot;,&quot;country&quot;:&quot;UK&quot;,&quot;postcode&quot;:&quot;EC2M 7PD&quot;,&quot;poBox&quot;:false}},&quot;subjects&quot;:[{&quot;insuredIsPolicyHolder&quot;:true,&quot;insuredPerson&quot;:{&quot;contactMethod&quot;:&quot;EMAIL&quot;,&quot;isProfesionalRider&quot;:false,&quot;phoneNumber&quot;:null,&quot;postCode&quot;:{&quot;state&quot;:&quot;&quot;,&quot;county&quot;:&quot;GL&quot;,&quot;country&quot;:&quot;UK&quot;,&quot;postcode&quot;:&quot;EC2M 7PD&quot;,&quot;poBox&quot;:false},&quot;country&quot;:&quot;GB&quot;,&quot;suburb&quot;:&quot;&quot;,&quot;address&quot;:&quot;50 Liverpool Street, London, UK&quot;}}],&quot;paymentFrequency&quot;:&quot;MONTHLY&quot;,&quot;selectedCoverOptions&quot;:[{&quot;coverOptCode&quot;:&quot;PublicLiability&quot;,&quot;limit&quot;:{&quot;value&quot;:2000,&quot;currency&quot;:&quot;GBP&quot;}},{&quot;coverOptCode&quot;:&quot;PersonalAccident&quot;,&quot;limit&quot;:{&quot;value&quot;:2000,&quot;currency&quot;:&quot;GBP&quot;}},{&quot;coverOptCode&quot;:&quot;EmergencyMedical&quot;},{&quot;coverOptCode&quot;:&quot;PrivateMedical&quot;},{&quot;coverOptCode&quot;:&quot;PrivatePhysio&quot;}],&quot;selectedPromotions&quot;:[],&quot;marketingSource&quot;:&quot;OTHER&quot;}\n                )\n\n        )\n\n)\n&lt;\/pre&gt;","type":null}]